RF00059__2GDI_X__3D2G_A__S1__forward__try1 completed 76 2.28 3.32s
RF00059__2GDI_X__3D2G_A__S1__reverse__try1 completed 76 2.28 2.98s
RF00162__2GIS_A__4KQY_A__S1__forward__try1 completed 24 4.29 3.35s
RF00162__2GIS_A__4KQY_A__S1__reverse__try1 completed 24 4.29 3.53s
RF00174__4GXY_A__6VMY_A__S1__forward__try1 completed 27 3.29 3.88s
RF00174__4GXY_A__6VMY_A__S1__reverse__try1 completed 27 3.29 4.14s
RF00442__5U3G_B__7MLW_F__S1__forward__try1 completed 25 3.05 3.86s
RF00442__5U3G_B__7MLW_F__S1__reverse__try1 completed 25 3.05 3.87s
RF00522__3FU2_A__6VUI_A__S1__forward__try1 completed 31 2.59 2.84s
RF00522__3FU2_A__6VUI_A__S1__reverse__try1 completed 31 2.33 2.82s
RF00522__3FU2_A__7REX_A__S1__forward__try1 completed 32 2.0 2.67s
RF00522__3FU2_A__7REX_A__S1__reverse__try1 completed 32 2.0 2.72s
RF00522__6VUI_A__7REX_A__S1__forward__try1 completed 32 2.34 2.97s
RF00522__6VUI_A__7REX_A__S1__reverse__try1 completed 32 2.34 2.91s
{'pair_id': 'RF00059__2GDI_X__3D2G_A', 'tier': 'exploratory', 'direction': 'forward', 'status': 'completed', 'default_aligned': 75, 'S1_aligned': 76, 'identical_mapping': False, 'shared_with_default': 72, 'only_default': 3, 'only_S1': 4, 'default_same_as_rfam': 71, 'S1_same_as_rfam': 68, 'default_rmsd': '2.2', 'S1_rmsd': 2.28, 'S1_attempts': 1}
{'pair_id': 'RF00059__2GDI_X__3D2G_A', 'tier': 'exploratory', 'direction': 'reverse', 'status': 'completed', 'default_aligned': 75, 'S1_aligned': 76, 'identical_mapping': False, 'shared_with_default': 72, 'only_default': 3, 'only_S1': 4, 'default_same_as_rfam': 71, 'S1_same_as_rfam': 68, 'default_rmsd': '2.2', 'S1_rmsd': 2.28, 'S1_attempts': 1}
{'pair_id': 'RF00162__2GIS_A__4KQY_A', 'tier': 'exploratory_engineered_technical', 'direction': 'forward', 'status': 'completed', 'default_aligned': 25, 'S1_aligned': 24, 'identical_mapping': False, 'shared_with_default': 16, 'only_default': 9, 'only_S1': 8, 'default_same_as_rfam': 0, 'S1_same_as_rfam': 0, 'default_rmsd': '4.1', 'S1_rmsd': 4.29, 'S1_attempts': 1}
{'pair_id': 'RF00162__2GIS_A__4KQY_A', 'tier': 'exploratory_engineered_technical', 'direction': 'reverse', 'status': 'completed', 'default_aligned': 25, 'S1_aligned': 24, 'identical_mapping': False, 'shared_with_default': 16, 'only_default': 9, 'only_S1': 8, 'default_same_as_rfam': 0, 'S1_same_as_rfam': 0, 'default_rmsd': '4.1', 'S1_rmsd': 4.29, 'S1_attempts': 1}
{'pair_id': 'RF00174__4GXY_A__6VMY_A', 'tier': 'primary', 'direction': 'forward', 'status': 'completed', 'default_aligned': 26, 'S1_aligned': 27, 'identical_mapping': False, 'shared_with_default': 13, 'only_default': 13, 'only_S1': 14, 'default_same_as_rfam': 0, 'S1_same_as_rfam': 0, 'default_rmsd': '3.37', 'S1_rmsd': 3.29, 'S1_attempts': 1}
{'pair_id': 'RF00174__4GXY_A__6VMY_A', 'tier': 'primary', 'direction': 'reverse', 'status': 'completed', 'default_aligned': 26, 'S1_aligned': 27, 'identical_mapping': False, 'shared_with_default': 13, 'only_default': 13, 'only_S1': 14, 'default_same_as_rfam': 0, 'S1_same_as_rfam': 0, 'default_rmsd': '3.37', 'S1_rmsd': 3.29, 'S1_attempts': 1}
{'pair_id': 'RF00442__5U3G_B__7MLW_F', 'tier': 'exploratory', 'direction': 'forward', 'status': 'completed', 'default_aligned': 78, 'S1_aligned': 25, 'identical_mapping': False, 'shared_with_default': 0, 'only_default': 78, 'only_S1': 25, 'default_same_as_rfam': 62, 'S1_same_as_rfam': 0, 'default_rmsd': '2.44', 'S1_rmsd': 3.05, 'S1_attempts': 1}
{'pair_id': 'RF00442__5U3G_B__7MLW_F', 'tier': 'exploratory', 'direction': 'reverse', 'status': 'completed', 'default_aligned': 78, 'S1_aligned': 25, 'identical_mapping': False, 'shared_with_default': 0, 'only_default': 78, 'only_S1': 25, 'default_same_as_rfam': 62, 'S1_same_as_rfam': 0, 'default_rmsd': '2.44', 'S1_rmsd': 3.05, 'S1_attempts': 1}
{'pair_id': 'RF00522__3FU2_A__6VUI_A', 'tier': 'primary', 'direction': 'forward', 'status': 'completed', 'default_aligned': 31, 'S1_aligned': 31, 'identical_mapping': True, 'shared_with_default': 31, 'only_default': 0, 'only_S1': 0, 'default_same_as_rfam': 24, 'S1_same_as_rfam': 24, 'default_rmsd': '2.59', 'S1_rmsd': 2.59, 'S1_attempts': 1}
{'pair_id': 'RF00522__3FU2_A__6VUI_A', 'tier': 'primary', 'direction': 'reverse', 'status': 'completed', 'default_aligned': 31, 'S1_aligned': 31, 'identical_mapping': True, 'shared_with_default': 31, 'only_default': 0, 'only_S1': 0, 'default_same_as_rfam': 24, 'S1_same_as_rfam': 24, 'default_rmsd': '2.33', 'S1_rmsd': 2.33, 'S1_attempts': 1}
{'pair_id': 'RF00522__3FU2_A__7REX_A', 'tier': 'primary', 'direction': 'forward', 'status': 'completed', 'default_aligned': 32, 'S1_aligned': 32, 'identical_mapping': True, 'shared_with_default': 32, 'only_default': 0, 'only_S1': 0, 'default_same_as_rfam': 17, 'S1_same_as_rfam': 17, 'default_rmsd': '2.0', 'S1_rmsd': 2.0, 'S1_attempts': 1}
{'pair_id': 'RF00522__3FU2_A__7REX_A', 'tier': 'primary', 'direction': 'reverse', 'status': 'completed', 'default_aligned': 32, 'S1_aligned': 32, 'identical_mapping': True, 'shared_with_default': 32, 'only_default': 0, 'only_S1': 0, 'default_same_as_rfam': 17, 'S1_same_as_rfam': 17, 'default_rmsd': '2.0', 'S1_rmsd': 2.0, 'S1_attempts': 1}
{'pair_id': 'RF00522__6VUI_A__7REX_A', 'tier': 'primary', 'direction': 'forward', 'status': 'completed', 'default_aligned': 32, 'S1_aligned': 32, 'identical_mapping': True, 'shared_with_default': 32, 'only_default': 0, 'only_S1': 0, 'default_same_as_rfam': 16, 'S1_same_as_rfam': 16, 'default_rmsd': '2.34', 'S1_rmsd': 2.34, 'S1_attempts': 1}
{'pair_id': 'RF00522__6VUI_A__7REX_A', 'tier': 'primary', 'direction': 'reverse', 'status': 'completed', 'default_aligned': 32, 'S1_aligned': 32, 'identical_mapping': True, 'shared_with_default': 32, 'only_default': 0, 'only_S1': 0, 'default_same_as_rfam': 16, 'S1_same_as_rfam': 16, 'default_rmsd': '2.34', 'S1_rmsd': 2.34, 'S1_attempts': 1}
