/Users/rakibhasanrahad/Desktop/IMPORTANT FILES 2026/2027 research/RNASEQ/Phase 1/Codebase/SQARMA/rfam_star3d_pilot_v2/.venv/bin/python -m fr3d.classifiers.NA_pairwise_interactions -i /Users/rakibhasanrahad/Desktop/IMPORTANT FILES 2026/2027 research/RNASEQ/Phase 1/Codebase/SQARMA/rfam_star3d_pilot_v2/audit/fresh_repro/annotations/raw/_cif -o /Users/rakibhasanrahad/Desktop/IMPORTANT FILES 2026/2027 research/RNASEQ/Phase 1/Codebase/SQARMA/rfam_star3d_pilot_v2/audit/fresh_repro/annotations/raw -c basepair,stacking 3FU2.cif
Reading file /Users/rakibhasanrahad/Desktop/IMPORTANT FILES 2026/2027 research/RNASEQ/Phase 1/Codebase/SQARMA/rfam_star3d_pilot_v2/audit/fresh_repro/annotations/raw/_cif/3FU2.cif, which is number 1 out of 1
3FU2|1|A|C|12 Rotation matrix calculation failed, 0 new atoms
3FU2|1|A|C|12 Adding hydrogens failed
3FU2|1|B|C|12 Rotation matrix calculation failed, 0 new atoms
3FU2|1|B|C|12 Adding hydrogens failed
3FU2|1|B|C|15 Rotation matrix calculation failed, 0 new atoms
3FU2|1|B|C|15 Adding hydrogens failed
3FU2|1|C|C|12 Rotation matrix calculation failed, 0 new atoms
3FU2|1|C|C|12 Adding hydrogens failed
  Found 151 nucleotide-nucleotide interactions
  Recording interactions in /Users/rakibhasanrahad/Desktop/IMPORTANT FILES 2026/2027 research/RNASEQ/Phase 1/Codebase/SQARMA/rfam_star3d_pilot_v2/audit/fresh_repro/annotations/raw
Summary of time taken:
start                          :      0.001 seconds      0.000 minutes      0.483% of total
Reading CIF files              :      0.038 seconds      0.001 minutes     22.597% of total
Building cubes                 :      0.000 seconds      0.000 minutes      0.101% of total
Annotating interactions        :      0.000 seconds      0.000 minutes      0.017% of total
Check base base stack          :      0.103 seconds      0.002 minutes     61.291% of total
Check basepairing              :      0.025 seconds      0.000 minutes     14.923% of total
Calculate crossing             :      0.000 seconds      0.000 minutes      0.282% of total
Recording interactions         :      0.001 seconds      0.000 minutes      0.305% of total
Total                          :      0.168 seconds      0.003 minutes    100.000% of total
All files read successfully
Stacking annotations are not yet finalized
Basepair annotations are not yet finalized
