RF00522__3FU2_A__6VUI_A__a3__forward__rep1 completed R 30 Ra 29 S 31 shared 24 reproduced 0.8276 diff 4 inj True ok
RF00522__3FU2_A__6VUI_A__a3__forward__rep2 completed R 30 Ra 29 S 31 shared 24 reproduced 0.8276 diff 4 inj True ok
RF00522__3FU2_A__6VUI_A__a3__forward__rep3 completed R 30 Ra 29 S 31 shared 24 reproduced 0.8276 diff 4 inj True ok
RF00522__3FU2_A__6VUI_A__a3__reverse__rep1 completed R 30 Ra 29 S 31 shared 24 reproduced 0.8276 diff 4 inj True ok
RF00522__3FU2_A__6VUI_A__a3__reverse__rep2 completed R 30 Ra 29 S 31 shared 24 reproduced 0.8276 diff 4 inj True ok
RF00522__3FU2_A__6VUI_A__a3__reverse__rep3 completed R 30 Ra 29 S 31 shared 24 reproduced 0.8276 diff 4 inj True ok
RF00162__2GIS_A__4KQY_A__a1__forward__rep1 completed R 89 Ra 81 S 25 shared 0 reproduced 0.0 diff 21 inj True ok
RF00162__2GIS_A__4KQY_A__a1__forward__rep2 completed R 89 Ra 81 S 25 shared 0 reproduced 0.0 diff 21 inj True ok
RF00162__2GIS_A__4KQY_A__a1__forward__rep3 completed R 89 Ra 81 S 25 shared 0 reproduced 0.0 diff 21 inj True ok
RF00162__2GIS_A__4KQY_A__a1__reverse__rep1 completed R 89 Ra 81 S 25 shared 0 reproduced 0.0 diff 21 inj True ok
RF00162__2GIS_A__4KQY_A__a1__reverse__rep2 completed R 89 Ra 81 S 25 shared 0 reproduced 0.0 diff 21 inj True ok
RF00162__2GIS_A__4KQY_A__a1__reverse__rep3 completed R 89 Ra 81 S 25 shared 0 reproduced 0.0 diff 21 inj True ok
RF00174__4GXY_A__6VMY_A__a1__forward__rep1 completed R 112 Ra 103 S 26 shared 0 reproduced 0.0 diff 2 inj True ok
RF00174__4GXY_A__6VMY_A__a1__forward__rep2 completed R 112 Ra 103 S 26 shared 0 reproduced 0.0 diff 2 inj True ok
RF00174__4GXY_A__6VMY_A__a1__forward__rep3 completed R 112 Ra 103 S 26 shared 0 reproduced 0.0 diff 2 inj True ok
RF00174__4GXY_A__6VMY_A__a1__reverse__rep1 completed R 112 Ra 103 S 26 shared 0 reproduced 0.0 diff 0 inj True ok
RF00174__4GXY_A__6VMY_A__a1__reverse__rep2 completed R 112 Ra 103 S 26 shared 0 reproduced 0.0 diff 0 inj True ok
RF00174__4GXY_A__6VMY_A__a1__reverse__rep3 completed R 112 Ra 103 S 26 shared 0 reproduced 0.0 diff 0 inj True ok
RF00522__3FU2_A__7REX_A__a1__forward__rep1 completed R 31 Ra 30 S 32 shared 17 reproduced 0.5667 diff 13 inj True ok
RF00522__3FU2_A__7REX_A__a1__forward__rep2 completed R 31 Ra 30 S 32 shared 17 reproduced 0.5667 diff 13 inj True ok
RF00522__3FU2_A__7REX_A__a1__forward__rep3 completed R 31 Ra 30 S 32 shared 17 reproduced 0.5667 diff 13 inj True ok
RF00522__3FU2_A__7REX_A__a1__reverse__rep1 completed R 31 Ra 30 S 32 shared 17 reproduced 0.5667 diff 13 inj True ok
RF00522__3FU2_A__7REX_A__a1__reverse__rep2 completed R 31 Ra 30 S 32 shared 17 reproduced 0.5667 diff 13 inj True ok
RF00522__3FU2_A__7REX_A__a1__reverse__rep3 completed R 31 Ra 30 S 32 shared 17 reproduced 0.5667 diff 13 inj True ok
RF00522__6VUI_A__7REX_A__a1__forward__rep1 completed R 32 Ra 32 S 32 shared 16 reproduced 0.5 diff 15 inj True ok
RF00522__6VUI_A__7REX_A__a1__forward__rep2 completed R 32 Ra 32 S 32 shared 16 reproduced 0.5 diff 15 inj True ok
RF00522__6VUI_A__7REX_A__a1__forward__rep3 completed R 32 Ra 32 S 32 shared 16 reproduced 0.5 diff 15 inj True ok
RF00522__6VUI_A__7REX_A__a1__reverse__rep1 completed R 32 Ra 32 S 32 shared 16 reproduced 0.5 diff 15 inj True ok
RF00522__6VUI_A__7REX_A__a1__reverse__rep2 completed R 32 Ra 32 S 32 shared 16 reproduced 0.5 diff 15 inj True ok
RF00522__6VUI_A__7REX_A__a1__reverse__rep3 completed R 32 Ra 32 S 32 shared 16 reproduced 0.5 diff 15 inj True ok
RF00059__2GDI_X__3D2G_A__a1__forward__rep1 completed R 75 Ra 54 S 75 shared 71 reproduced 0.9815 diff 1 inj True ok
RF00059__2GDI_X__3D2G_A__a1__forward__rep2 completed R 75 Ra 54 S 75 shared 71 reproduced 0.9815 diff 1 inj True ok
RF00059__2GDI_X__3D2G_A__a1__forward__rep3 completed R 75 Ra 54 S 75 shared 71 reproduced 0.9815 diff 1 inj True ok
RF00059__2GDI_X__3D2G_A__a1__reverse__rep1 completed R 75 Ra 54 S 75 shared 71 reproduced 0.9815 diff 1 inj True ok
RF00059__2GDI_X__3D2G_A__a1__reverse__rep2 completed R 75 Ra 54 S 75 shared 71 reproduced 0.9815 diff 1 inj True ok
RF00059__2GDI_X__3D2G_A__a1__reverse__rep3 completed R 75 Ra 54 S 75 shared 71 reproduced 0.9815 diff 1 inj True ok
RF00442__5U3G_B__7MLW_F__a1__forward__rep1 completed R 84 Ra 73 S 78 shared 62 reproduced 0.8082 diff 16 inj True ok
RF00442__5U3G_B__7MLW_F__a1__forward__rep2 completed R 84 Ra 73 S 78 shared 62 reproduced 0.8082 diff 16 inj True ok
RF00442__5U3G_B__7MLW_F__a1__forward__rep3 completed R 84 Ra 73 S 78 shared 62 reproduced 0.8082 diff 16 inj True ok
RF00442__5U3G_B__7MLW_F__a1__reverse__rep1 failed R 84 Ra 73 S None shared None reproduced None diff 0 inj None ok
RF00442__5U3G_B__7MLW_F__a1__reverse__rep2 completed R 84 Ra 73 S 78 shared 62 reproduced 0.8082 diff 16 inj True ok
RF00442__5U3G_B__7MLW_F__a1__reverse__rep3 completed R 84 Ra 73 S 78 shared 62 reproduced 0.8082 diff 16 inj True ok
