RF00059__2GDI_X__3D2G_A rfam_vs_star3d_forward n 127 eligible 68 rfam 57 fwd 58 rev None
RF00059__2GDI_X__3D2G_A rfam_vs_star3d_reverse n 127 eligible 68 rfam 57 fwd None rev 58
RF00059__2GDI_X__3D2G_A all_three_methods n 127 eligible 68 rfam 57 fwd 58 rev 58
RF00162__2GIS_A__4KQY_A rfam_vs_star3d_forward n 153 eligible 26 rfam 21 fwd 19 rev None
RF00162__2GIS_A__4KQY_A rfam_vs_star3d_reverse n 153 eligible 26 rfam 21 fwd None rev 19
RF00162__2GIS_A__4KQY_A all_three_methods n 153 eligible 26 rfam 21 fwd 19 rev 19
RF00174__4GXY_A__6VMY_A rfam_vs_star3d_forward n 245 eligible 1 rfam 1 fwd 1 rev None
RF00174__4GXY_A__6VMY_A rfam_vs_star3d_reverse n 245 eligible 0 rfam 0 fwd None rev 0
RF00174__4GXY_A__6VMY_A all_three_methods n 245 eligible 0 rfam 0 fwd 0 rev 0
RF00442__5U3G_B__7MLW_F rfam_vs_star3d_forward n 125 eligible 103 rfam 84 fwd 81 rev None
RF00442__5U3G_B__7MLW_F rfam_vs_star3d_reverse n 125 eligible 103 rfam 84 fwd None rev 81
RF00442__5U3G_B__7MLW_F all_three_methods n 125 eligible 103 rfam 84 fwd 81 rev 81
RF00522__3FU2_A__6VUI_A rfam_vs_star3d_forward n 49 eligible 40 rfam 31 fwd 33 rev None
RF00522__3FU2_A__6VUI_A rfam_vs_star3d_reverse n 49 eligible 40 rfam 31 fwd None rev 31
RF00522__3FU2_A__6VUI_A all_three_methods n 49 eligible 40 rfam 31 fwd 33 rev 31
RF00522__3FU2_A__7REX_A rfam_vs_star3d_forward n 49 eligible 44 rfam 20 fwd 31 rev None
RF00522__3FU2_A__7REX_A rfam_vs_star3d_reverse n 49 eligible 44 rfam 20 fwd None rev 31
RF00522__3FU2_A__7REX_A all_three_methods n 49 eligible 44 rfam 20 fwd 31 rev 31
RF00522__6VUI_A__7REX_A rfam_vs_star3d_forward n 48 eligible 47 rfam 19 fwd 29 rev None
RF00522__6VUI_A__7REX_A rfam_vs_star3d_reverse n 48 eligible 47 rfam 19 fwd None rev 29
RF00522__6VUI_A__7REX_A all_three_methods n 48 eligible 47 rfam 19 fwd 29 rev 29
