RF00059__2GDI_X__3D2G_A query all n 71 common 68 rfam 57 star3d 58
RF00059__2GDI_X__3D2G_A query noncanonical n 6 common 6 rfam 5 star3d 5
RF00059__2GDI_X__3D2G_A target all n 69 common 68 rfam 57 star3d 57
RF00059__2GDI_X__3D2G_A target noncanonical n 8 common 8 rfam 5 star3d 5
RF00162__2GIS_A__4KQY_A query all n 128 common 26 rfam 21 star3d 19
RF00162__2GIS_A__4KQY_A query noncanonical n 9 common 1 rfam 0 star3d 0
RF00162__2GIS_A__4KQY_A target all n 165 common 5 rfam 4 star3d 3
RF00162__2GIS_A__4KQY_A target noncanonical n 7 common 1 rfam 0 star3d 0
RF00174__4GXY_A__6VMY_A query all n 241 common 1 rfam 1 star3d 1
RF00174__4GXY_A__6VMY_A query noncanonical n 12 common 0 rfam 0 star3d 0
RF00174__4GXY_A__6VMY_A target all n 183 common 24 rfam 21 star3d 19
RF00174__4GXY_A__6VMY_A target noncanonical n 6 common 1 rfam 1 star3d 0
RF00442__5U3G_B__7MLW_F query all n 112 common 103 rfam 84 star3d 81
RF00442__5U3G_B__7MLW_F query noncanonical n 9 common 8 rfam 6 star3d 6
RF00442__5U3G_B__7MLW_F target all n 168 common 110 rfam 88 star3d 82
RF00442__5U3G_B__7MLW_F target noncanonical n 10 common 9 rfam 6 star3d 6
RF00522__3FU2_A__6VUI_A query all n 49 common 40 rfam 31 star3d 33
RF00522__3FU2_A__6VUI_A query noncanonical n 8 common 7 rfam 5 star3d 5
RF00522__3FU2_A__6VUI_A target all n 48 common 36 rfam 31 star3d 32
RF00522__3FU2_A__6VUI_A target noncanonical n 9 common 7 rfam 5 star3d 5
RF00522__3FU2_A__7REX_A query all n 49 common 44 rfam 20 star3d 31
RF00522__3FU2_A__7REX_A query noncanonical n 8 common 8 rfam 3 star3d 6
RF00522__3FU2_A__7REX_A target all n 49 common 39 rfam 19 star3d 31
RF00522__3FU2_A__7REX_A target noncanonical n 9 common 8 rfam 3 star3d 6
RF00522__6VUI_A__7REX_A query all n 48 common 47 rfam 19 star3d 29
RF00522__6VUI_A__7REX_A query noncanonical n 9 common 9 rfam 2 star3d 4
RF00522__6VUI_A__7REX_A target all n 49 common 39 rfam 17 star3d 28
RF00522__6VUI_A__7REX_A target noncanonical n 9 common 6 rfam 2 star3d 4
