RF00162__2GIS_A__4KQY_A__a1__forward__rep1 completed 25 4.1 3.44s
RF00162__2GIS_A__4KQY_A__a1__forward__rep2 completed 25 4.1 3.83s
RF00162__2GIS_A__4KQY_A__a1__forward__rep3 completed 25 4.1 3.5s
RF00162__2GIS_A__4KQY_A__a1__reverse__rep1 completed 25 4.1 4.36s
RF00162__2GIS_A__4KQY_A__a1__reverse__rep2 completed 25 4.1 4.06s
RF00162__2GIS_A__4KQY_A__a1__reverse__rep3 completed 25 4.1 3.84s
RF00174__4GXY_A__6VMY_A__a1__forward__rep1 completed 26 3.37 4.13s
RF00174__4GXY_A__6VMY_A__a1__forward__rep2 completed 26 3.37 3.65s
RF00174__4GXY_A__6VMY_A__a1__forward__rep3 completed 26 3.37 4.08s
RF00174__4GXY_A__6VMY_A__a1__reverse__rep1 completed 26 3.37 3.58s
RF00174__4GXY_A__6VMY_A__a1__reverse__rep2 completed 26 3.37 3.78s
RF00174__4GXY_A__6VMY_A__a1__reverse__rep3 completed 26 3.37 3.88s
RF00522__3FU2_A__7REX_A__a1__forward__rep1 completed 32 2.0 2.62s
RF00522__3FU2_A__7REX_A__a1__forward__rep2 completed 32 2.0 2.72s
RF00522__3FU2_A__7REX_A__a1__forward__rep3 completed 32 2.0 2.91s
RF00522__3FU2_A__7REX_A__a1__reverse__rep1 completed 32 2.0 2.78s
RF00522__3FU2_A__7REX_A__a1__reverse__rep2 completed 32 2.0 2.61s
RF00522__3FU2_A__7REX_A__a1__reverse__rep3 completed 32 2.0 2.97s
RF00522__6VUI_A__7REX_A__a1__forward__rep1 completed 32 2.34 2.82s
RF00522__6VUI_A__7REX_A__a1__forward__rep2 completed 32 2.34 3.01s
RF00522__6VUI_A__7REX_A__a1__forward__rep3 completed 32 2.34 2.6s
RF00522__6VUI_A__7REX_A__a1__reverse__rep1 completed 32 2.34 2.7s
RF00522__6VUI_A__7REX_A__a1__reverse__rep2 completed 32 2.34 2.96s
RF00522__6VUI_A__7REX_A__a1__reverse__rep3 completed 32 2.34 2.92s
RF00059__2GDI_X__3D2G_A__a1__forward__rep1 completed 75 2.2 3.1s
RF00059__2GDI_X__3D2G_A__a1__forward__rep2 completed 75 2.2 3.2s
RF00059__2GDI_X__3D2G_A__a1__forward__rep3 completed 75 2.2 3.46s
RF00059__2GDI_X__3D2G_A__a1__reverse__rep1 completed 75 2.2 3.23s
RF00059__2GDI_X__3D2G_A__a1__reverse__rep2 completed 75 2.2 2.92s
RF00059__2GDI_X__3D2G_A__a1__reverse__rep3 completed 75 2.2 3.23s
RF00442__5U3G_B__7MLW_F__a1__forward__rep1 completed 78 2.44 3.3s
RF00442__5U3G_B__7MLW_F__a1__forward__rep2 completed 78 2.44 3.66s
RF00442__5U3G_B__7MLW_F__a1__forward__rep3 completed 78 2.44 3.34s
RF00442__5U3G_B__7MLW_F__a1__reverse__rep1 failed None None 3.34s
RF00442__5U3G_B__7MLW_F__a1__reverse__rep2 completed 78 2.44 3.85s
RF00442__5U3G_B__7MLW_F__a1__reverse__rep3 completed 78 2.44 3.91s
