RF00015 2N7M_X explicit verified exact_at_row_coordinates obs=1.0
RF00015 3JCM_E explicit verified exact_at_row_coordinates obs=0.531
RF00015 3JCR_M sequence ambiguous exact_elsewhere obs=0.702
RF00015 3JCR_M sequence ambiguous exact_elsewhere obs=0.702
RF00015 3JCR_M sequence ambiguous exact_elsewhere obs=0.702
RF00015 3JCR_M sequence ambiguous exact_elsewhere obs=0.702
RF00015 3JCR_M sequence ambiguous exact_elsewhere obs=0.702
RF00015 3JCR_M sequence ambiguous exact_elsewhere obs=0.702
RF00015 3JCR_M sequence ambiguous exact_elsewhere obs=0.702
RF00015 3JCR_M sequence ambiguous exact_elsewhere obs=0.702
RF00015 3JCR_M sequence ambiguous exact_elsewhere obs=0.702
RF00015 3JCR_M sequence ambiguous exact_elsewhere obs=0.702
RF00015 3JCR_M sequence ambiguous exact_elsewhere obs=0.702
RF00015 3JCR_M sequence ambiguous exact_elsewhere obs=0.702
RF00015 5GAN_V explicit verified exact_at_row_coordinates obs=0.775
RF00015 5GAP_V explicit verified exact_at_row_coordinates obs=1.0
RF00015 5NRL_4 explicit verified exact_at_row_coordinates obs=0.713
RF00015 5O9Z_4 explicit verified exact_at_row_coordinates obs=0.945
RF00015 5ZWM_I explicit verified exact_at_row_coordinates obs=0.688
RF00015 5ZWO_I explicit verified exact_at_row_coordinates obs=0.683
RF00015 6AH0_I explicit verified exact_at_row_coordinates obs=0.812
RF00015 6AHD_I explicit verified exact_at_row_coordinates obs=0.944
RF00015 6QW6_4 explicit verified exact_at_row_coordinates obs=0.862
RF00015 6QX9_4 explicit verified exact_at_row_coordinates obs=0.862
RF00015 8H6E_4A sequence ambiguous exact_elsewhere obs=0.861
RF00015 8H6J_4A sequence ambiguous exact_at_row_coordinates obs=0.868
RF00015 8H6K_4A sequence ambiguous exact_elsewhere obs=0.889
RF00015 8H6L_4A sequence ambiguous exact_elsewhere obs=0.889
RF00015 8Q7N_4 sequence ambiguous exact_at_row_coordinates obs=0.539
RF00015 8Q7N_4 sequence ambiguous exact_at_row_coordinates obs=0.524
RF00015 8Q7N_4 sequence ambiguous exact_elsewhere obs=0.524
RF00015 8QO9_4 sequence ambiguous exact_at_row_coordinates obs=0.882
RF00015 8QOZ_4 sequence ambiguous exact_at_row_coordinates obs=0.556
RF00015 8QP8_4 sequence ambiguous exact_at_row_coordinates obs=0.528
RF00015 8QP9_4 sequence ambiguous exact_at_row_coordinates obs=0.528
RF00015 8QPA_4 sequence ambiguous exact_at_row_coordinates obs=0.431
RF00015 8QPB_4 sequence ambiguous exact_at_row_coordinates obs=0.556
RF00015 8QPE_4 sequence ambiguous exact_at_row_coordinates obs=0.438
RF00015 8QPK_4 sequence ambiguous exact_at_row_coordinates obs=0.528
RF00015 8QXD_4 sequence ambiguous exact_at_row_coordinates obs=0.861
RF00015 8QZS_4 sequence ambiguous exact_at_row_coordinates obs=0.944
RF00015 8R08_4 sequence ambiguous exact_at_row_coordinates obs=0.861
RF00015 8R09_4 sequence ambiguous exact_at_row_coordinates obs=0.889
RF00015 8R0A_4 sequence ambiguous exact_at_row_coordinates obs=0.861
RF00015 8R0B_4 sequence ambiguous exact_at_row_coordinates obs=0.889
RF00015 8RM5_4 sequence ambiguous exact_at_row_coordinates obs=0.764
RF00032 1JU7_A explicit verified exact_at_row_coordinates obs=0.571
RF00032 1JWC_A explicit verified exact_at_row_coordinates obs=0.571
RF00032 4L8R_A explicit verified exact_at_row_coordinates obs=1.0
RF00032 4L8R_D explicit verified exact_at_row_coordinates obs=0.731
RF00032 4QOZ_A explicit verified exact_at_row_coordinates obs=1.0
RF00032 4QOZ_D explicit verified exact_at_row_coordinates obs=0.692
RF00032 4TUW_C explicit verified exact_at_row_coordinates obs=1.0
RF00032 4TUW_D explicit verified exact_at_row_coordinates obs=1.0
RF00032 4TUX_C explicit verified exact_at_row_coordinates obs=0.962
RF00032 4TUX_D explicit verified exact_at_row_coordinates obs=1.0
RF00032 4TV0_B explicit verified exact_at_row_coordinates obs=1.0
RF00032 6V4X_Y sequence ambiguous exact_at_row_coordinates obs=0.077
RF00059 2CKY_A explicit verified exact_at_row_coordinates obs=1.0
RF00059 2CKY_B explicit verified exact_at_row_coordinates obs=1.0
RF00059 2GDI_X explicit verified exact_at_row_coordinates obs=1.0
RF00059 2GDI_Y explicit verified exact_at_row_coordinates obs=1.0
RF00059 2HOJ_A explicit verified exact_at_row_coordinates obs=0.952
RF00059 2HOK_A explicit verified exact_at_row_coordinates obs=0.94
RF00059 2HOL_A explicit verified exact_at_row_coordinates obs=0.952
RF00059 2HOM_A explicit verified exact_at_row_coordinates obs=0.964
RF00059 2HOO_A explicit verified exact_at_row_coordinates obs=1.0
RF00059 2HOP_A explicit verified exact_at_row_coordinates obs=0.916
RF00059 3D2G_A explicit verified exact_at_row_coordinates obs=1.0
RF00059 3D2G_B explicit verified exact_at_row_coordinates obs=1.0
RF00059 3D2V_A explicit verified exact_at_row_coordinates obs=1.0
RF00059 3D2V_B explicit verified exact_at_row_coordinates obs=1.0
RF00059 3D2X_A explicit verified exact_at_row_coordinates obs=1.0
RF00059 3D2X_B explicit verified exact_at_row_coordinates obs=1.0
RF00059 3K0J_E explicit verified exact_at_row_coordinates obs=1.0
RF00059 3K0J_F explicit verified exact_at_row_coordinates obs=1.0
RF00059 4NYA_A explicit verified exact_at_row_coordinates obs=1.0
RF00059 4NYA_B explicit verified exact_at_row_coordinates obs=1.0
RF00059 4NYB_A explicit failed no_exact_match obs=None
RF00059 4NYC_A explicit failed no_exact_match obs=None
RF00059 4NYD_A explicit failed no_exact_match obs=None
RF00059 4NYG_A explicit failed no_exact_match obs=None
RF00059 7TD7_A explicit verified exact_at_row_coordinates obs=0.94
RF00059 7TDA_A explicit verified exact_at_row_coordinates obs=0.964
RF00059 7TDB_A explicit verified exact_at_row_coordinates obs=0.964
RF00059 7TDC_A explicit verified exact_at_row_coordinates obs=0.964
RF00059 7TZR_X explicit verified exact_at_row_coordinates obs=1.0
RF00059 7TZR_Y explicit verified exact_at_row_coordinates obs=1.0
RF00059 7TZS_X explicit verified exact_at_row_coordinates obs=1.0
RF00059 7TZS_Y explicit verified exact_at_row_coordinates obs=1.0
RF00059 7TZT_A explicit verified exact_at_row_coordinates obs=0.952
RF00059 7TZU_A explicit verified exact_at_row_coordinates obs=0.952
RF00059 8F4O_A sequence ambiguous exact_at_row_coordinates obs=0.867
RF00059 8F4O_A sequence ambiguous exact_at_row_coordinates obs=0.867
RF00059 8F4O_B sequence ambiguous exact_at_row_coordinates obs=0.783
RF00059 8F4O_B sequence ambiguous exact_at_row_coordinates obs=0.783
RF00162 2GIS_A explicit verified exact_at_row_coordinates obs=1.0
RF00162 2YDH_A explicit verified exact_at_row_coordinates obs=1.0
RF00162 2YGH_A explicit verified exact_at_row_coordinates obs=1.0
RF00162 3GX2_A explicit verified exact_at_row_coordinates obs=1.0
RF00162 3GX3_A explicit verified exact_at_row_coordinates obs=1.0
RF00162 3GX5_A explicit verified exact_at_row_coordinates obs=1.0
RF00162 3GX6_A explicit verified exact_at_row_coordinates obs=1.0
RF00162 3GX7_A explicit verified exact_at_row_coordinates obs=1.0
RF00162 3IQN_A explicit verified exact_at_row_coordinates obs=1.0
RF00162 3IQP_A explicit verified exact_at_row_coordinates obs=1.0
RF00162 3IQR_A explicit verified exact_at_row_coordinates obs=1.0
RF00162 3V7E_C explicit verified exact_at_row_coordinates obs=1.0
RF00162 3V7E_D sequence ambiguous exact_at_row_coordinates obs=1.0
RF00162 4AOB_A explicit verified exact_at_row_coordinates obs=1.0
RF00162 4B5R_A explicit verified exact_at_row_coordinates obs=1.0
RF00162 4KQY_A explicit verified exact_at_row_coordinates obs=1.0
RF00162 5FJC_A explicit verified exact_at_row_coordinates obs=1.0
RF00162 5FK1_A explicit verified exact_at_row_coordinates obs=1.0
RF00162 5FK2_A explicit verified exact_at_row_coordinates obs=1.0
RF00162 5FK3_A explicit verified exact_at_row_coordinates obs=1.0
RF00162 5FK4_A explicit verified exact_at_row_coordinates obs=1.0
RF00162 5FK5_A explicit verified exact_at_row_coordinates obs=1.0
RF00162 5FK6_A explicit verified exact_at_row_coordinates obs=1.0
RF00162 5FKD_A explicit verified exact_at_row_coordinates obs=1.0
RF00162 5FKE_A explicit verified exact_at_row_coordinates obs=1.0
RF00162 5FKF_A explicit verified exact_at_row_coordinates obs=1.0
RF00162 5FKG_A explicit verified exact_at_row_coordinates obs=1.0
RF00162 5FKH_A explicit verified exact_at_row_coordinates obs=1.0
RF00162 7EAF_A explicit verified exact_at_row_coordinates obs=1.0
RF00174 4GMA_Z explicit verified exact_at_row_coordinates obs=0.904
RF00174 4GXY_A explicit verified exact_at_row_coordinates obs=0.948
RF00174 6VMY_A explicit verified exact_at_row_coordinates obs=1.0
RF00174 8FW4_Z explicit verified exact_at_row_coordinates obs=0.881
RF00174 8SA2_A explicit verified exact_at_row_coordinates obs=1.0
RF00174 8SA2_B explicit verified exact_at_row_coordinates obs=1.0
RF00174 8SA3_A explicit verified exact_at_row_coordinates obs=1.0
RF00174 8SA3_B explicit verified exact_at_row_coordinates obs=1.0
RF00174 8SA4_A explicit verified exact_at_row_coordinates obs=0.9
RF00174 8SA4_B sequence ambiguous exact_at_row_coordinates obs=0.224
RF00174 8SA4_B sequence ambiguous exact_at_row_coordinates obs=0.128
RF00174 8SA5_A explicit verified exact_at_row_coordinates obs=1.0
RF00174 8SA5_B explicit verified exact_at_row_coordinates obs=0.643
RF00174 8SA6_A explicit verified exact_at_row_coordinates obs=1.0
RF00174 8SA6_B explicit verified exact_at_row_coordinates obs=0.724
RF00442 5T83_A explicit verified exact_at_row_coordinates obs=0.947
RF00442 5U3G_B explicit verified exact_at_row_coordinates obs=1.0
RF00442 7MLW_F explicit verified exact_at_row_coordinates obs=0.977
RF00458 2IL9_A explicit verified exact_at_row_coordinates obs=0.957
RF00458 2IL9_M explicit verified exact_at_row_coordinates obs=0.936
RF00458 2NOQ_A explicit verified exact_at_row_coordinates obs=1.0
RF00458 4D5N_X explicit verified exact_at_row_coordinates obs=1.0
RF00458 4D61_j explicit verified exact_at_row_coordinates obs=1.0
RF00458 4V92_AZ explicit verified exact_at_row_coordinates obs=1.0
RF00458 4XEJ_AIRE explicit verified exact_at_row_coordinates obs=0.168
RF00458 4XEJ_BIRE explicit verified exact_at_row_coordinates obs=0.168
RF00458 5IT7_4 explicit verified exact_at_row_coordinates obs=1.0
RF00458 5IT9_i explicit verified exact_at_row_coordinates obs=1.0
RF00458 6D90_4 explicit verified exact_at_row_coordinates obs=1.0
RF00458 6D9J_4 explicit verified exact_at_row_coordinates obs=1.0
RF00458 7JQC_i explicit verified exact_at_row_coordinates obs=0.745
RF00458 7ZJW_I explicit verified exact_at_row_coordinates obs=0.923
RF00458 7ZJX_I explicit verified exact_at_row_coordinates obs=1.0
RF00522 2L1V_A explicit verified exact_at_row_coordinates obs=1.0
RF00522 3FU2_A explicit verified exact_at_row_coordinates obs=0.941
RF00522 3GCA_A explicit verified exact_at_row_coordinates obs=1.0
RF00522 3K1V_A explicit verified exact_at_row_coordinates obs=0.882
RF00522 3Q50_A explicit verified exact_at_row_coordinates obs=1.0
RF00522 6E1S_A explicit ambiguous match_except_unknown_residues obs=None
RF00522 6E1T_A explicit ambiguous match_except_unknown_residues obs=None
RF00522 6E1U_A explicit ambiguous match_except_unknown_residues obs=None
RF00522 6E1V_A explicit ambiguous match_except_unknown_residues obs=None
RF00522 6E1W_A explicit ambiguous match_except_unknown_residues obs=None
RF00522 6VUH_A explicit verified exact_at_row_coordinates obs=1.0
RF00522 6VUI_A explicit verified exact_at_row_coordinates obs=1.0
RF00522 7E9E_A explicit ambiguous match_except_unknown_residues obs=None
RF00522 7E9I_A explicit verified exact_at_row_coordinates obs=1.0
RF00522 7REX_A explicit verified exact_at_row_coordinates obs=1.0
RF00522 8FB3_A explicit verified exact_at_row_coordinates obs=1.0
RF02340 7LYF_A explicit verified exact_at_row_coordinates obs=1.0
RF02340 7LYG_A explicit verified exact_at_row_coordinates obs=1.0
RF02340 7UMC_A explicit verified exact_at_row_coordinates obs=1.0
RF02340 8GZP_S explicit verified exact_at_row_coordinates obs=0.971
RF02340 8GZQ_S explicit verified exact_at_row_coordinates obs=0.957
RF03013 6TB7_A explicit verified exact_at_row_coordinates obs=1.0
RF03013 6TF0_A explicit verified exact_at_row_coordinates obs=1.0
RF03013 6TF1_A explicit verified exact_at_row_coordinates obs=1.0
RF03013 6TF2_A explicit verified exact_at_row_coordinates obs=1.0
RF03013 6TF3_A explicit verified exact_at_row_coordinates obs=1.0
RF03013 6TFE_A explicit verified exact_at_row_coordinates obs=1.0
RF03013 6TFF_A explicit verified exact_at_row_coordinates obs=1.0
RF03013 6TFG_A explicit verified exact_at_row_coordinates obs=1.0
RF03013 6TFH_A explicit verified exact_at_row_coordinates obs=1.0
RF03013 7D7V_A explicit verified exact_at_row_coordinates obs=1.0
RF03013 7D7W_A explicit verified exact_at_row_coordinates obs=1.0
RF03013 7D7X_A explicit verified exact_at_row_coordinates obs=1.0
RF03013 7D7Y_A explicit verified exact_at_row_coordinates obs=1.0
RF03013 7D7Z_A explicit verified exact_at_row_coordinates obs=1.0
RF03013 7D81_A explicit verified exact_at_row_coordinates obs=1.0
RF03013 7D82_A explicit verified exact_at_row_coordinates obs=1.0
