{'pair_id': 'RF00522__6VUI_A__7REX_A', 'interaction_class': 'all', 'eligible_same_set': 46, 'rfam_preserved': 19, 'adjusted_preserved': 31, 'star3d_preserved': 29}
{'pair_id': 'RF00522__6VUI_A__7REX_A', 'interaction_class': 'canonical', 'eligible_same_set': 7, 'rfam_preserved': 0, 'adjusted_preserved': 5, 'star3d_preserved': 5}
{'pair_id': 'RF00522__6VUI_A__7REX_A', 'interaction_class': 'wobble', 'eligible_same_set': 0, 'rfam_preserved': 0, 'adjusted_preserved': 0, 'star3d_preserved': 0}
{'pair_id': 'RF00522__6VUI_A__7REX_A', 'interaction_class': 'noncanonical', 'eligible_same_set': 8, 'rfam_preserved': 2, 'adjusted_preserved': 4, 'star3d_preserved': 4}
{'pair_id': 'RF00522__6VUI_A__7REX_A', 'interaction_class': 'stack', 'eligible_same_set': 31, 'rfam_preserved': 17, 'adjusted_preserved': 22, 'star3d_preserved': 20}
{'pair_id': 'RF00522__3FU2_A__7REX_A', 'interaction_class': 'all', 'eligible_same_set': 44, 'rfam_preserved': 20, 'adjusted_preserved': 33, 'star3d_preserved': 31}
{'pair_id': 'RF00522__3FU2_A__7REX_A', 'interaction_class': 'canonical', 'eligible_same_set': 7, 'rfam_preserved': 0, 'adjusted_preserved': 5, 'star3d_preserved': 5}
{'pair_id': 'RF00522__3FU2_A__7REX_A', 'interaction_class': 'wobble', 'eligible_same_set': 0, 'rfam_preserved': 0, 'adjusted_preserved': 0, 'star3d_preserved': 0}
{'pair_id': 'RF00522__3FU2_A__7REX_A', 'interaction_class': 'noncanonical', 'eligible_same_set': 8, 'rfam_preserved': 3, 'adjusted_preserved': 6, 'star3d_preserved': 6}
{'pair_id': 'RF00522__3FU2_A__7REX_A', 'interaction_class': 'stack', 'eligible_same_set': 29, 'rfam_preserved': 17, 'adjusted_preserved': 22, 'star3d_preserved': 20}
{
 "nucleotides_preserved": true,
 "order_preserved": true,
 "width_unchanged": true,
 "columns_changed": [
  "res15:25->24",
  "res16:26->25",
  "res17:27->26",
  "res18:28->27",
  "res19:29->28",
  "res20:30->29",
  "res21:31->30",
  "res22:32->31"
 ],
 "sscons_P1_pairs_original": [
  "UC(nonWC)",
  "GA(nonWC)",
  "UC(nonWC)",
  "GC",
  "GC"
 ],
 "sscons_P1_pairs_adjusted": [
  "UA",
  "GC",
  "UA",
  "GC",
  "GC"
 ],
 "column_24_RF": ".",
 "other_rows_in_moved_columns": {
  "URS000080E020_32630/1-34": "CACCCUCU-",
  "URS000080E32E_119072/1-33": "-ACCCCAGU"
 },
 "interactions_lost_by_adjustment": [],
 "mapping_one_to_one": true
}
